[0.000000] (-) TimerEvent: {}
[0.000229] (acrome_mini_robot) JobQueued: {'identifier': 'acrome_mini_robot', 'dependencies': OrderedDict()}
[0.000607] (acrome_mini_robot) JobStarted: {'identifier': 'acrome_mini_robot'}
[0.010719] (acrome_mini_robot) JobProgress: {'identifier': 'acrome_mini_robot', 'progress': 'cmake'}
[0.010915] (acrome_mini_robot) JobProgress: {'identifier': 'acrome_mini_robot', 'progress': 'build'}
[0.011440] (acrome_mini_robot) Command: {'cmd': ['/usr/bin/cmake', '--build', '/home/halit/acrome_ws/build/acrome_mini_robot', '--', '-j4', '-l4'], 'cwd': '/home/halit/acrome_ws/build/acrome_mini_robot', 'env': OrderedDict({'LESSOPEN': '| /usr/bin/lesspipe %s', 'GZ_SIM_RESOURCE_PATH': '/home/halit/acrome_ws/src', 'USER': 'halit', 'GZ_CONFIG_PATH': '/opt/ros/jazzy/opt/gz_sim_vendor/share/gz:/opt/ros/jazzy/opt/sdformat_vendor/share/gz:/opt/ros/jazzy/opt/gz_gui_vendor/share/gz:/opt/ros/jazzy/opt/gz_transport_vendor/share/gz:/opt/ros/jazzy/opt/gz_rendering_vendor/share/gz:/opt/ros/jazzy/opt/gz_plugin_vendor/share/gz:/opt/ros/jazzy/opt/gz_fuel_tools_vendor/share/gz:/opt/ros/jazzy/opt/gz_msgs_vendor/share/gz:/opt/ros/jazzy/opt/gz_common_vendor/share/gz', 'SHLVL': '1', 'LD_LIBRARY_PATH': '/opt/ros/jazzy/opt/gz_sim_vendor/lib:/opt/ros/jazzy/opt/gz_sensors_vendor/lib:/opt/ros/jazzy/opt/gz_physics_vendor/lib:/opt/ros/jazzy/opt/sdformat_vendor/lib:/opt/ros/jazzy/opt/rviz_ogre_vendor/lib:/opt/ros/jazzy/lib/x86_64-linux-gnu:/opt/ros/jazzy/opt/gz_gui_vendor/lib:/opt/ros/jazzy/opt/gz_transport_vendor/lib:/opt/ros/jazzy/opt/gz_rendering_vendor/lib:/opt/ros/jazzy/opt/gz_plugin_vendor/lib:/opt/ros/jazzy/opt/gz_fuel_tools_vendor/lib:/opt/ros/jazzy/opt/gz_msgs_vendor/lib:/opt/ros/jazzy/opt/gz_common_vendor/lib:/opt/ros/jazzy/opt/gz_math_vendor/lib:/opt/ros/jazzy/opt/gz_utils_vendor/lib:/opt/ros/jazzy/opt/gz_tools_vendor/lib:/opt/ros/jazzy/opt/gz_ogre_next_vendor/lib:/opt/ros/jazzy/opt/gz_dartsim_vendor/lib:/opt/ros/jazzy/opt/gz_cmake_vendor/lib:/opt/ros/jazzy/lib', 'HOME': '/home/halit', 'OLDPWD': '/home/halit', 'ROS_PYTHON_VERSION': '3', 'DBUS_SESSION_BUS_ADDRESS': 'unix:path=/run/user/1000/bus', 'WSL_DISTRO_NAME': 'ubuntu24', 'WAYLAND_DISPLAY': 'wayland-0', 'COLCON_PREFIX_PATH': '/home/halit/acrome_ws/install', 'ROS_DISTRO': 'jazzy', 'LOGNAME': 'halit', 'NAME': 'Halit', 'WSL_INTEROP': '/run/WSL/309_interop', 'PULSE_SERVER': 'unix:/mnt/wslg/PulseServer', '_': '/usr/bin/colcon', 'ROS_VERSION': '2', 'TERM': 'xterm-256color', 'PATH': '/opt/ros/jazzy/opt/gz_msgs_vendor/bin:/opt/ros/jazzy/opt/gz_tools_vendor/bin:/opt/ros/jazzy/opt/gz_ogre_next_vendor/bin:/opt/ros/jazzy/bin:/usr/local/sbin:/usr/local/bin:/usr/sbin:/usr/bin:/sbin:/bin:/usr/games:/usr/local/games:/usr/lib/wsl/lib:/mnt/c/Windows/System32/HWAudioDriverLibs:/mnt/c/Windows/system32:/mnt/c/Windows:/mnt/c/Windows/System32/Wbem:/mnt/c/Windows/System32/WindowsPowerShell/v1.0/:/mnt/c/Windows/System32/OpenSSH/:/mnt/c/Users/Administrator/AppData/Local/Microsoft/WindowsApps:/mnt/c/Windows/system32/config/systemprofile/AppData/Local/Microsoft/WindowsApps:/mnt/c/windows/system32/HWAudioDriver/:/mnt/c/Windows/system32:/mnt/c/Windows:/mnt/c/Windows/System32/Wbem:/mnt/c/Windows/System32/WindowsPowerShell/v1.0/:/mnt/c/Windows/System32/OpenSSH/:/mnt/c/Program Files/Git/cmd:/mnt/c/Program Files/PuTTY/:/mnt/c/Program Files/CMake/bin:/mnt/c/Program Files/dotnet/:/mnt/d/matlab/bin:/mnt/c/Users/halit/AppData/Local/Programs/Python/Python313/Scripts/:/mnt/c/Users/halit/AppData/Local/Programs/Python/Python313/:/mnt/c/Users/halit/AppData/Local/Microsoft/WindowsApps:/mnt/c/Users/halit/AppData/Local/Programs/Microsoft VS Code/bin:/mnt/c/Program Files/JetBrains/PyCharm Community Edition 2024.3.2/bin:/snap/bin', 'XDG_RUNTIME_DIR': '/run/user/1000/', 'DISPLAY': ':0', 'LANG': 'C.UTF-8', 'LS_COLORS': 'rs=0:di=01;34:ln=01;36:mh=00:pi=40;33:so=01;35:do=01;35:bd=40;33;01:cd=40;33;01:or=40;31;01:mi=00:su=37;41:sg=30;43:ca=00:tw=30;42:ow=34;42:st=37;44:ex=01;32:*.tar=01;31:*.tgz=01;31:*.arc=01;31:*.arj=01;31:*.taz=01;31:*.lha=01;31:*.lz4=01;31:*.lzh=01;31:*.lzma=01;31:*.tlz=01;31:*.txz=01;31:*.tzo=01;31:*.t7z=01;31:*.zip=01;31:*.z=01;31:*.dz=01;31:*.gz=01;31:*.lrz=01;31:*.lz=01;31:*.lzo=01;31:*.xz=01;31:*.zst=01;31:*.tzst=01;31:*.bz2=01;31:*.bz=01;31:*.tbz=01;31:*.tbz2=01;31:*.tz=01;31:*.deb=01;31:*.rpm=01;31:*.jar=01;31:*.war=01;31:*.ear=01;31:*.sar=01;31:*.rar=01;31:*.alz=01;31:*.ace=01;31:*.zoo=01;31:*.cpio=01;31:*.7z=01;31:*.rz=01;31:*.cab=01;31:*.wim=01;31:*.swm=01;31:*.dwm=01;31:*.esd=01;31:*.avif=01;35:*.jpg=01;35:*.jpeg=01;35:*.mjpg=01;35:*.mjpeg=01;35:*.gif=01;35:*.bmp=01;35:*.pbm=01;35:*.pgm=01;35:*.ppm=01;35:*.tga=01;35:*.xbm=01;35:*.xpm=01;35:*.tif=01;35:*.tiff=01;35:*.png=01;35:*.svg=01;35:*.svgz=01;35:*.mng=01;35:*.pcx=01;35:*.mov=01;35:*.mpg=01;35:*.mpeg=01;35:*.m2v=01;35:*.mkv=01;35:*.webm=01;35:*.webp=01;35:*.ogm=01;35:*.mp4=01;35:*.m4v=01;35:*.mp4v=01;35:*.vob=01;35:*.qt=01;35:*.nuv=01;35:*.wmv=01;35:*.asf=01;35:*.rm=01;35:*.rmvb=01;35:*.flc=01;35:*.avi=01;35:*.fli=01;35:*.flv=01;35:*.gl=01;35:*.dl=01;35:*.xcf=01;35:*.xwd=01;35:*.yuv=01;35:*.cgm=01;35:*.emf=01;35:*.ogv=01;35:*.ogx=01;35:*.aac=00;36:*.au=00;36:*.flac=00;36:*.m4a=00;36:*.mid=00;36:*.midi=00;36:*.mka=00;36:*.mp3=00;36:*.mpc=00;36:*.ogg=00;36:*.ra=00;36:*.wav=00;36:*.oga=00;36:*.opus=00;36:*.spx=00;36:*.xspf=00;36:*~=00;90:*#=00;90:*.bak=00;90:*.crdownload=00;90:*.dpkg-dist=00;90:*.dpkg-new=00;90:*.dpkg-old=00;90:*.dpkg-tmp=00;90:*.old=00;90:*.orig=00;90:*.part=00;90:*.rej=00;90:*.rpmnew=00;90:*.rpmorig=00;90:*.rpmsave=00;90:*.swp=00;90:*.tmp=00;90:*.ucf-dist=00;90:*.ucf-new=00;90:*.ucf-old=00;90:', 'AMENT_PREFIX_PATH': '/home/halit/acrome_ws/install/acrome_mini_robot:/opt/ros/jazzy', 'SHELL': '/bin/bash', 'LESSCLOSE': '/usr/bin/lesspipe %s %s', 'ROS_AUTOMATIC_DISCOVERY_RANGE': 'SUBNET', 'PWD': '/home/halit/acrome_ws/build/acrome_mini_robot', 'XDG_DATA_DIRS': '/usr/local/share:/usr/share:/var/lib/snapd/desktop', 'PYTHONPATH': '/opt/ros/jazzy/lib/python3.12/site-packages', 'COLCON': '1', 'WSL2_GUI_APPS_ENABLED': '1', 'HOSTTYPE': 'x86_64', 'CMAKE_PREFIX_PATH': '/home/halit/acrome_ws/install/acrome_mini_robot:/opt/ros/jazzy/opt/gz_sim_vendor:/opt/ros/jazzy/opt/gz_sensors_vendor:/opt/ros/jazzy/opt/gz_physics_vendor:/opt/ros/jazzy/opt/sdformat_vendor:/opt/ros/jazzy/opt/gz_gui_vendor:/opt/ros/jazzy/opt/gz_transport_vendor:/opt/ros/jazzy/opt/gz_rendering_vendor:/opt/ros/jazzy/opt/gz_plugin_vendor:/opt/ros/jazzy/opt/gz_fuel_tools_vendor:/opt/ros/jazzy/opt/gz_msgs_vendor:/opt/ros/jazzy/opt/gz_common_vendor:/opt/ros/jazzy/opt/gz_math_vendor:/opt/ros/jazzy/opt/gz_utils_vendor:/opt/ros/jazzy/opt/gz_tools_vendor:/opt/ros/jazzy/opt/gz_ogre_next_vendor:/opt/ros/jazzy/opt/gz_dartsim_vendor:/opt/ros/jazzy/opt/gz_cmake_vendor', 'WSLENV': ''}), 'shell': False}
[0.066285] (acrome_mini_robot) StdoutLine: {'line': b'-- Found ament_cmake: 2.5.4 (/opt/ros/jazzy/share/ament_cmake/cmake)\n'}
[0.100008] (-) TimerEvent: {}
[0.200266] (-) TimerEvent: {}
[0.233342] (acrome_mini_robot) StdoutLine: {'line': b'-- Override CMake install command with custom implementation using symlinks instead of copying resources\n'}
[0.300364] (-) TimerEvent: {}
[0.301018] (acrome_mini_robot) StderrLine: {'line': b"Error parsing '/home/halit/acrome_ws/src/acrome_mini_robot/package.xml':\n"}
[0.400442] (-) TimerEvent: {}
[0.500950] (-) TimerEvent: {}
[0.601415] (-) TimerEvent: {}
[0.701645] (-) TimerEvent: {}
[0.802047] (-) TimerEvent: {}
[0.902307] (-) TimerEvent: {}
[1.002713] (-) TimerEvent: {}
[1.103010] (-) TimerEvent: {}
[1.203234] (-) TimerEvent: {}
[1.303517] (-) TimerEvent: {}
[1.403811] (-) TimerEvent: {}
[1.504136] (-) TimerEvent: {}
[1.604485] (-) TimerEvent: {}
[1.704771] (-) TimerEvent: {}
[1.805074] (-) TimerEvent: {}
[1.905267] (-) TimerEvent: {}
[1.931453] (acrome_mini_robot) StderrLine: {'line': b'Traceback (most recent call last):\n'}
[1.931647] (acrome_mini_robot) StderrLine: {'line': b'  File "/usr/lib/python3/dist-packages/catkin_pkg/package.py", line 610, in parse_package_string\n'}
[1.931689] (acrome_mini_robot) StderrLine: {'line': b'    root = dom.parseString(data)\n'}
[1.931721] (acrome_mini_robot) StderrLine: {'line': b'           ^^^^^^^^^^^^^^^^^^^^^\n'}
[1.931753] (acrome_mini_robot) StderrLine: {'line': b'  File "/usr/lib/python3.12/xml/dom/minidom.py", line 2000, in parseString\n'}
[1.931900] (acrome_mini_robot) StderrLine: {'line': b'    return expatbuilder.parseString(string)\n'}
[1.931944] (acrome_mini_robot) StderrLine: {'line': b'           ^^^^^^^^^^^^^^^^^^^^^^^^^^^^^^^^\n'}
[1.931978] (acrome_mini_robot) StderrLine: {'line': b'  File "/usr/lib/python3.12/xml/dom/expatbuilder.py", line 922, in parseString\n'}
[1.932045] (acrome_mini_robot) StderrLine: {'line': b'    return builder.parseString(string)\n'}
[1.932102] (acrome_mini_robot) StderrLine: {'line': b'           ^^^^^^^^^^^^^^^^^^^^^^^^^^^\n'}
[1.932139] (acrome_mini_robot) StderrLine: {'line': b'  File "/usr/lib/python3.12/xml/dom/expatbuilder.py", line 220, in parseString\n'}
[1.932172] (acrome_mini_robot) StderrLine: {'line': b'    parser.Parse(string, True)\n'}
[1.932203] (acrome_mini_robot) StderrLine: {'line': b'xml.parsers.expat.ExpatError: not well-formed (invalid token): line 16, column 14\n'}
[1.932233] (acrome_mini_robot) StderrLine: {'line': b'\n'}
[1.932264] (acrome_mini_robot) StderrLine: {'line': b'During handling of the above exception, another exception occurred:\n'}
[1.932294] (acrome_mini_robot) StderrLine: {'line': b'\n'}
[1.932325] (acrome_mini_robot) StderrLine: {'line': b'Traceback (most recent call last):\n'}
[1.932353] (acrome_mini_robot) StderrLine: {'line': b'  File "/opt/ros/jazzy/share/ament_cmake_core/cmake/core/package_xml_2_cmake.py", line 150, in <module>\n'}
[1.932445] (acrome_mini_robot) StderrLine: {'line': b'    main()\n'}
[1.932509] (acrome_mini_robot) StderrLine: {'line': b'  File "/opt/ros/jazzy/share/ament_cmake_core/cmake/core/package_xml_2_cmake.py", line 53, in main\n'}
[1.932544] (acrome_mini_robot) StderrLine: {'line': b'    raise e\n'}
[1.932577] (acrome_mini_robot) StderrLine: {'line': b'  File "/opt/ros/jazzy/share/ament_cmake_core/cmake/core/package_xml_2_cmake.py", line 49, in main\n'}
[1.932607] (acrome_mini_robot) StderrLine: {'line': b'    package = parse_package_string(\n'}
[1.933692] (acrome_mini_robot) StderrLine: {'line': b'              ^^^^^^^^^^^^^^^^^^^^^\n'}
[1.933759] (acrome_mini_robot) StderrLine: {'line': b'  File "/usr/lib/python3/dist-packages/catkin_pkg/package.py", line 612, in parse_package_string\n'}
[1.933792] (acrome_mini_robot) StderrLine: {'line': b"    raise InvalidPackage('The manifest contains invalid XML:\\n%s' % ex, filename)\n"}
[1.933824] (acrome_mini_robot) StderrLine: {'line': b"catkin_pkg.package.InvalidPackage: Error(s) in package '/home/halit/acrome_ws/src/acrome_mini_robot/package.xml':\n"}
[1.933856] (acrome_mini_robot) StderrLine: {'line': b'The manifest contains invalid XML:\n'}
[1.933885] (acrome_mini_robot) StderrLine: {'line': b'not well-formed (invalid token): line 16, column 14\n'}
[1.959219] (acrome_mini_robot) StderrLine: {'line': b'\x1b[31mCMake Error at /opt/ros/jazzy/share/ament_cmake_core/cmake/core/ament_package_xml.cmake:95 (message):\n'}
[1.959382] (acrome_mini_robot) StderrLine: {'line': b'  execute_process(/usr/bin/python3\n'}
[1.959423] (acrome_mini_robot) StderrLine: {'line': b'  /opt/ros/jazzy/share/ament_cmake_core/cmake/core/package_xml_2_cmake.py\n'}
[1.959524] (acrome_mini_robot) StderrLine: {'line': b'  /home/halit/acrome_ws/src/acrome_mini_robot/package.xml\n'}
[1.959579] (acrome_mini_robot) StderrLine: {'line': b'  /home/halit/acrome_ws/build/acrome_mini_robot/ament_cmake_core/package.cmake)\n'}
[1.959615] (acrome_mini_robot) StderrLine: {'line': b'  returned error code 1\n'}
[1.959647] (acrome_mini_robot) StderrLine: {'line': b'Call Stack (most recent call first):\n'}
[1.959682] (acrome_mini_robot) StderrLine: {'line': b'  /opt/ros/jazzy/share/ament_cmake_core/cmake/core/ament_package_xml.cmake:49 (_ament_package_xml)\n'}
[1.959714] (acrome_mini_robot) StderrLine: {'line': b'  /opt/ros/jazzy/share/ament_cmake_core/cmake/core/ament_package.cmake:63 (ament_package_xml)\n'}
[1.959744] (acrome_mini_robot) StderrLine: {'line': b'  CMakeLists.txt:10 (ament_package)\n'}
[1.959774] (acrome_mini_robot) StderrLine: {'line': b'\n'}
[1.959811] (acrome_mini_robot) StderrLine: {'line': b'\x1b[0m\n'}
[1.959842] (acrome_mini_robot) StdoutLine: {'line': b'-- Configuring incomplete, errors occurred!\n'}
[1.962748] (acrome_mini_robot) StderrLine: {'line': b'gmake: *** [Makefile:226: cmake_check_build_system] Error 1\n'}
[1.964360] (acrome_mini_robot) CommandEnded: {'returncode': 2}
[1.964582] (acrome_mini_robot) JobEnded: {'identifier': 'acrome_mini_robot', 'rc': 2}
[1.975152] (-) EventReactorShutdown: {}
